// Jest Snapshot v1, https://goo.gl/fbAQLP

exports[`ImagePlaceholder renders correctly the component 1`] = `
<View
  style={
    Array [
      Object {
        "alignSelf": "stretch",
        "flex": 1,
      },
      undefined,
    ]
  }
>
  <View
    style={
      Object {
        "alignItems": "center",
        "alignSelf": "stretch",
        "bottom": 0,
        "flex": 1,
        "justifyContent": "center",
        "left": 0,
        "position": "absolute",
        "right": 0,
        "top": 0,
        "zIndex": 2,
      }
    }
  >
    <Image
      resizeMode="cover"
      source={
        Object {
          "uri": undefined,
        }
      }
      style={
        Array [
          Object {
            "alignSelf": "stretch",
            "bottom": 0,
            "flex": 1,
            "left": 0,
            "position": "absolute",
            "right": 0,
            "top": 0,
            "zIndex": 2,
          },
          undefined,
        ]
      }
    />
    <ActivityIndicator
      animating={true}
      color="#999999"
      hidesWhenStopped={true}
      size="small"
    />
  </View>
  <Image
    onProgress={[Function]}
    resizeMode="cover"
    source={
      Object {
        "uri": undefined,
      }
    }
    style={
      Array [
        Object {
          "flex": 1,
        },
        undefined,
      ]
    }
  />
</View>
`;
